# step | vdw_area_0_1 | vdw_force_0_1 | vdw_energy_0_1 
