# step | KE | PE | CoM x | CoM y | CoM z | L_x | L_y | L_z | rmsd | vdw_area_0_surface | vdw_force_0_surface | vdw_energy_0_surface
0	+0.000000e+00	-2.203659e-16	+0.000000e+00	+0.000000e+00	+0.000000e+00	+0.000000e+00	+0.000000e+00	+0.000000e+00	+0.000000e+00	+0.000000e+00	+0.000000e+00	+0.000000e+00
1	+0.000000e+00	-3.810245e-33	+0.000000e+00	+0.000000e+00	+0.000000e+00	+0.000000e+00	+0.000000e+00	+0.000000e+00	+4.549817e-12	+0.000000e+00	+0.000000e+00	+0.000000e+00
1001	+0.000000e+00	+3.990298e-19	+0.000000e+00	+0.000000e+00	+0.000000e+00	+0.000000e+00	+0.000000e+00	+0.000000e+00	+9.217737e-11	+0.000000e+00	+0.000000e+00	+0.000000e+00
2001	+0.000000e+00	+4.019992e-19	+0.000000e+00	+0.000000e+00	+0.000000e+00	+0.000000e+00	+0.000000e+00	+0.000000e+00	+1.191334e-10	+0.000000e+00	+0.000000e+00	+0.000000e+00
3001	+0.000000e+00	+4.331036e-19	+0.000000e+00	+0.000000e+00	+0.000000e+00	+0.000000e+00	+0.000000e+00	+0.000000e+00	+1.536556e-10	+0.000000e+00	+0.000000e+00	+0.000000e+00
