# step | KE | PE | CoM x | CoM y | CoM z | L_x | L_y | L_z | rmsd | vdw_area_1_surface | vdw_force_1_surface | vdw_energy_1_surface
